#include "bsg_manycore.h"
#include "bsg_set_tile_x_y.h"
#define t 0

int A[dim] __attribute__ ((section (".dram")));
//empty dmaps list

}

